<?xml version="1.0" encoding="UTF-8"?>
<testsuites name="jest tests" tests="2" failures="0" errors="0" time="0.368">
  <testsuite name="Test send events v3 api" errors="0" failures="0" skipped="0" timestamp="2025-06-04T13:03:16" time="0.31" tests="1">
    <testcase classname="Test send events v3 api event by id" name="Test send events v3 api event by id" time="0.001">
    </testcase>
  </testsuite>
  <testsuite name="Test send events v2 api" errors="0" failures="0" skipped="0" timestamp="2025-06-04T13:03:16" time="0.027" tests="1">
    <testcase classname="Test send events v2 api event by id" name="Test send events v2 api event by id" time="0">
    </testcase>
  </testsuite>
</testsuites>